2026-02-04 19:28:43,377 -ERROR - Failed to Scrap... https://en.wikipedia.org/wiki/Public_holidays_in_India: Invalid URL 'India': No scheme supplied. Perhaps you meant https://India?
2026-02-04 19:28:46,378 -ERROR - Failed to Scrap... https://en.wikipedia.org/wiki/Public_holidays_in_the_United_States: Invalid URL 'United States': No scheme supplied. Perhaps you meant https://United States?
2026-02-04 19:28:49,380 -ERROR - Failed to Scrap... https://en.wikipedia.org/wiki/Public_holidays_in_Canada: Invalid URL 'Canada': No scheme supplied. Perhaps you meant https://Canada?
2026-02-04 19:28:52,381 -ERROR - Failed to Scrap... https://en.wikipedia.org/wiki/Public_holidays_in_Australia: Invalid URL 'Australia': No scheme supplied. Perhaps you meant https://Australia?
2026-02-04 19:28:55,383 -ERROR - Failed to Scrap... https://en.wikipedia.org/wiki/Public_holidays_in_the_United_Kingdom: Invalid URL 'United Kingdom': No scheme supplied. Perhaps you meant https://United Kingdom?
2026-02-04 19:28:58,384 -ERROR - Failed to Scrap... https://en.wikipedia.org/wiki/Public_holidays_in_Japan: Invalid URL 'Japan': No scheme supplied. Perhaps you meant https://Japan?
2026-02-04 19:30:36,545 -ERROR - Failed to Scrap... https://en.wikipedia.org/wiki/Public_holidays_in_India: Invalid URL 'India': No scheme supplied. Perhaps you meant https://India?
2026-02-04 19:30:39,546 -ERROR - Failed to Scrap... https://en.wikipedia.org/wiki/Public_holidays_in_the_United_States: Invalid URL 'United States': No scheme supplied. Perhaps you meant https://United States?
2026-02-04 19:30:42,546 -ERROR - Failed to Scrap... https://en.wikipedia.org/wiki/Public_holidays_in_Canada: Invalid URL 'Canada': No scheme supplied. Perhaps you meant https://Canada?
2026-02-04 19:30:45,548 -ERROR - Failed to Scrap... https://en.wikipedia.org/wiki/Public_holidays_in_Australia: Invalid URL 'Australia': No scheme supplied. Perhaps you meant https://Australia?
2026-02-04 19:30:48,549 -ERROR - Failed to Scrap... https://en.wikipedia.org/wiki/Public_holidays_in_the_United_Kingdom: Invalid URL 'United Kingdom': No scheme supplied. Perhaps you meant https://United Kingdom?
2026-02-04 19:30:51,550 -ERROR - Failed to Scrap... https://en.wikipedia.org/wiki/Public_holidays_in_Japan: Invalid URL 'Japan': No scheme supplied. Perhaps you meant https://Japan?
2026-02-05 09:39:59,363 -ERROR - Failed to Scrap... https://en.wikipedia.org/wiki/Public_holidays_in_India: Invalid URL 'India': No scheme supplied. Perhaps you meant https://India?
2026-02-05 09:40:02,364 -ERROR - Failed to Scrap... https://en.wikipedia.org/wiki/Public_holidays_in_the_United_States: Invalid URL 'United States': No scheme supplied. Perhaps you meant https://United States?
2026-02-05 09:40:05,365 -ERROR - Failed to Scrap... https://en.wikipedia.org/wiki/Public_holidays_in_Canada: Invalid URL 'Canada': No scheme supplied. Perhaps you meant https://Canada?
2026-02-05 09:40:08,366 -ERROR - Failed to Scrap... https://en.wikipedia.org/wiki/Public_holidays_in_Australia: Invalid URL 'Australia': No scheme supplied. Perhaps you meant https://Australia?
2026-02-05 09:40:11,367 -ERROR - Failed to Scrap... https://en.wikipedia.org/wiki/Public_holidays_in_the_United_Kingdom: Invalid URL 'United Kingdom': No scheme supplied. Perhaps you meant https://United Kingdom?
2026-02-05 09:40:14,368 -ERROR - Failed to Scrap... https://en.wikipedia.org/wiki/Public_holidays_in_Japan: Invalid URL 'Japan': No scheme supplied. Perhaps you meant https://Japan?
2026-02-05 09:41:06,106 -ERROR - Failed to Scrap... https://en.wikipedia.org/wiki/Public_holidays_in_India: Invalid URL 'India': No scheme supplied. Perhaps you meant https://India?
2026-02-05 09:41:09,107 -ERROR - Failed to Scrap... https://en.wikipedia.org/wiki/Public_holidays_in_the_United_States: Invalid URL 'United States': No scheme supplied. Perhaps you meant https://United States?
2026-02-05 09:41:12,109 -ERROR - Failed to Scrap... https://en.wikipedia.org/wiki/Public_holidays_in_Canada: Invalid URL 'Canada': No scheme supplied. Perhaps you meant https://Canada?
2026-02-05 09:41:15,111 -ERROR - Failed to Scrap... https://en.wikipedia.org/wiki/Public_holidays_in_Australia: Invalid URL 'Australia': No scheme supplied. Perhaps you meant https://Australia?
2026-02-05 09:41:18,112 -ERROR - Failed to Scrap... https://en.wikipedia.org/wiki/Public_holidays_in_the_United_Kingdom: Invalid URL 'United Kingdom': No scheme supplied. Perhaps you meant https://United Kingdom?
2026-02-05 09:41:21,113 -ERROR - Failed to Scrap... https://en.wikipedia.org/wiki/Public_holidays_in_Japan: Invalid URL 'Japan': No scheme supplied. Perhaps you meant https://Japan?
2026-02-05 09:43:41,045 -ERROR - Failed to Scrap... https://en.wikipedia.org/wiki/Public_holidays_in_India: Invalid URL 'India': No scheme supplied. Perhaps you meant https://India?
2026-02-05 09:44:14,678 -ERROR - Failed to Scrap... https://en.wikipedia.org/wiki/Public_holidays_in_India: Invalid URL 'India': No scheme supplied. Perhaps you meant https://India?
